[Info] Dispositivi trovati:
[Info] Porta: COM5
[Info] Nome: Dispositivo seriale USB (COM5)
[Info] USB: USB\VID_2341&PID_0070&MI_01\7&2F3B0D04&1&0001
[Info] Porta: COM1
[Info] Nome: Porta di comunicazione (COM1)
[Info] USB: ACPI\PNP0501\0
[Info] Microcontrollore identificato sulla porta COM5
[Info]: Connesso a COM5
[DEBUG] New Token Created [Type: Identifier  Value: Controllo]
[DEBUG] New Token Created [Type: Dot  Value: hardware.]
[DEBUG] New Token Created [Type: Dot  Value: .]
[DEBUG] New Token Created [Type: Identifier  Value: [OK]]
[DEBUG] New Token Created [Type: Identifier  Value: [OK]]
[DEBUG] New Token Created [Type: Identifier  Value: Antenna]
[DEBUG] New Token Created [Type: Identifier  Value: 3]
[DEBUG] New Token Created [Type: Identifier  Value: [OK]]
[DEBUG] New Token Created [Type: Identifier  Value: Antenna]
[DEBUG] New Token Created [Type: IntValue  Value: 10]
[DEBUG] New Token Created [Type: Identifier  Value: [OK]]
[DEBUG] New Token Created [Type: Identifier  Value: Antenna]
[DEBUG] New Token Created [Type: IntValue  Value: 24]
[DEBUG] New Token Created [Type: Identifier  Value: Hardware]
[DEBUG] New Token Created [Type: Identifier  Value: Avvio]
[DEBUG] New Token Created [Type: Dot  Value: misurazione.]
[DEBUG] New Token Created [Type: Dot  Value: .]
[DEBUG] New Token Created [Type: Identifier  Value: Controllo]
[DEBUG] New Token Created [Type: Dot  Value: hardware.]
[DEBUG] New Token Created [Type: Dot  Value: .]
[DEBUG] New Token Created [Type: Identifier  Value: [OK]]
[DEBUG] New Token Created [Type: Identifier  Value: [OK]]
[DEBUG] New Token Created [Type: Identifier  Value: Antenna]
[DEBUG] New Token Created [Type: Identifier  Value: 3]
[DEBUG] New Token Created [Type: Identifier  Value: [OK]]
[DEBUG] New Token Created [Type: Identifier  Value: Antenna]
[DEBUG] New Token Created [Type: IntValue  Value: 10]
[DEBUG] New Token Created [Type: Identifier  Value: [OK]]
[DEBUG] New Token Created [Type: Identifier  Value: Antenna]
[DEBUG] New Token Created [Type: IntValue  Value: 24]
[DEBUG] New Token Created [Type: Identifier  Value: Hardware]
[DEBUG] New Token Created [Type: Identifier  Value: Avvio]
[DEBUG] New Token Created [Type: Dot  Value: misurazione.]
[DEBUG] New Token Created [Type: Dot  Value: .]
[DEBUG] New Token Created [Type: Identifier  Value: Controllo]
[DEBUG] New Token Created [Type: Dot  Value: hardware.]
[DEBUG] New Token Created [Type: Dot  Value: .]
[DEBUG] New Token Created [Type: Identifier  Value: [OK]]
[DEBUG] New Token Created [Type: Identifier  Value: [OK]]
[DEBUG] New Token Created [Type: Identifier  Value: Antenna]
[DEBUG] New Token Created [Type: Identifier  Value: 3]
[DEBUG] New Token Created [Type: Identifier  Value: [OK]]
[DEBUG] New Token Created [Type: Identifier  Value: Antenna]
[DEBUG] New Token Created [Type: IntValue  Value: 10]
[DEBUG] New Token Created [Type: Identifier  Value: [OK]]
[DEBUG] New Token Created [Type: Identifier  Value: Antenna]
[DEBUG] New Token Created [Type: IntValue  Value: 24]
[DEBUG] New Token Created [Type: Identifier  Value: Hardware]
[DEBUG] New Token Created [Type: Identifier  Value: Avvio]
[DEBUG] New Token Created [Type: Dot  Value: misurazione.]
[DEBUG] New Token Created [Type: Dot  Value: .]
[DEBUG] New Token Created [Type: Identifier  Value: Controllo]
[DEBUG] New Token Created [Type: Dot  Value: hardware.]
[DEBUG] New Token Created [Type: Dot  Value: .]
[DEBUG] New Token Created [Type: Identifier  Value: [OK]]
[DEBUG] New Token Created [Type: Identifier  Value: [OK]]
[DEBUG] New Token Created [Type: Identifier  Value: Antenna]
[DEBUG] New Token Created [Type: Identifier  Value: 3]
[DEBUG] New Token Created [Type: Identifier  Value: [OK]]
[DEBUG] New Token Created [Type: Identifier  Value: Antenna]
[DEBUG] New Token Created [Type: IntValue  Value: 10]
[DEBUG] New Token Created [Type: Identifier  Value: [OK]]
[DEBUG] New Token Created [Type: Identifier  Value: Antenna]
[DEBUG] New Token Created [Type: IntValue  Value: 24]
[DEBUG] New Token Created [Type: Identifier  Value: Hardware]
[DEBUG] New Token Created [Type: Identifier  Value: Avvio]
[DEBUG] New Token Created [Type: Dot  Value: misurazione.]
[DEBUG] New Token Created [Type: Dot  Value: .]
[DEBUG] New Token Created [Type: Identifier  Value: Controllo]
[DEBUG] New Token Created [Type: Dot  Value: hardware.]
[DEBUG] New Token Created [Type: Dot  Value: .]
[DEBUG] New Token Created [Type: Identifier  Value: [OK]]
[DEBUG] New Token Created [Type: Identifier  Value: [OK]]
[DEBUG] New Token Created [Type: Identifier  Value: Antenna]
[DEBUG] New Token Created [Type: Identifier  Value: 3]
[DEBUG] New Token Created [Type: Identifier  Value: [OK]]
[DEBUG] New Token Created [Type: Identifier  Value: Antenna]
[DEBUG] New Token Created [Type: IntValue  Value: 10]
[DEBUG] New Token Created [Type: Identifier  Value: [OK]]
[DEBUG] New Token Created [Type: Identifier  Value: Antenna]
[DEBUG] New Token Created [Type: IntValue  Value: 24]
[DEBUG] New Token Created [Type: Identifier  Value: Hardware]
[DEBUG] New Token Created [Type: Identifier  Value: Avvio]
[DEBUG] New Token Created [Type: Dot  Value: misurazione.]
[DEBUG] New Token Created [Type: Dot  Value: .]
[DEBUG] New Token Created [Type: Identifier  Value: Controllo]
[DEBUG] New Token Created [Type: Dot  Value: hardware.]
[DEBUG] New Token Created [Type: Dot  Value: .]
[DEBUG] New Token Created [Type: Identifier  Value: [OK]]
[DEBUG] New Token Created [Type: Identifier  Value: [OK]]
[DEBUG] New Token Created [Type: Identifier  Value: Antenna]
[DEBUG] New Token Created [Type: Identifier  Value: 3]
[DEBUG] New Token Created [Type: Identifier  Value: [OK]]
[DEBUG] New Token Created [Type: Identifier  Value: Antenna]
[DEBUG] New Token Created [Type: IntValue  Value: 10]
[DEBUG] New Token Created [Type: Identifier  Value: [OK]]
[DEBUG] New Token Created [Type: Identifier  Value: Antenna]
[DEBUG] New Token Created [Type: IntValue  Value: 24]
[DEBUG] New Token Created [Type: Identifier  Value: Hardware]
[DEBUG] New Token Created [Type: Identifier  Value: Avvio]
[DEBUG] New Token Created [Type: Dot  Value: misurazione.]
[DEBUG] New Token Created [Type: Dot  Value: .]
[DEBUG] New Token Created [Type: Identifier  Value: Controllo]
[DEBUG] New Token Created [Type: Dot  Value: hardware.]
[DEBUG] New Token Created [Type: Dot  Value: .]
[DEBUG] New Token Created [Type: Identifier  Value: [OK]]
[DEBUG] New Token Created [Type: Identifier  Value: [OK]]
[DEBUG] New Token Created [Type: Identifier  Value: Antenna]
[DEBUG] New Token Created [Type: Identifier  Value: 3]
[DEBUG] New Token Created [Type: Identifier  Value: [OK]]
[DEBUG] New Token Created [Type: Identifier  Value: Antenna]
[DEBUG] New Token Created [Type: IntValue  Value: 10]
[DEBUG] New Token Created [Type: Identifier  Value: [OK]]
[DEBUG] New Token Created [Type: Identifier  Value: Antenna]
[DEBUG] New Token Created [Type: IntValue  Value: 24]
[DEBUG] New Token Created [Type: Identifier  Value: Hardware]
[DEBUG] New Token Created [Type: Identifier  Value: Avvio]
[DEBUG] New Token Created [Type: Dot  Value: misurazione.]
[DEBUG] New Token Created [Type: Dot  Value: .]
[DEBUG] New Token Created [Type: Identifier  Value: Controllo]
[DEBUG] New Token Created [Type: Dot  Value: hardware.]
[DEBUG] New Token Created [Type: Dot  Value: .]
[DEBUG] New Token Created [Type: Identifier  Value: [OK]]
[DEBUG] New Token Created [Type: Identifier  Value: [OK]]
[DEBUG] New Token Created [Type: Identifier  Value: Antenna]
[DEBUG] New Token Created [Type: Identifier  Value: 3]
[DEBUG] New Token Created [Type: Identifier  Value: [OK]]
[DEBUG] New Token Created [Type: Identifier  Value: Antenna]
[DEBUG] New Token Created [Type: IntValue  Value: 10]
[DEBUG] New Token Created [Type: Identifier  Value: [OK]]
[DEBUG] New Token Created [Type: Identifier  Value: Antenna]
[DEBUG] New Token Created [Type: IntValue  Value: 24]
[DEBUG] New Token Created [Type: Identifier  Value: Hardware]
[DEBUG] New Token Created [Type: Identifier  Value: Avvio]
[DEBUG] New Token Created [Type: Dot  Value: misurazione.]
[DEBUG] New Token Created [Type: Dot  Value: .]
[DEBUG] New Token Created [Type: Identifier  Value: Controllo]
[DEBUG] New Token Created [Type: Dot  Value: hardware.]
[DEBUG] New Token Created [Type: Dot  Value: .]
[DEBUG] New Token Created [Type: Identifier  Value: [OK]]
[DEBUG] New Token Created [Type: Identifier  Value: [OK]]
[DEBUG] New Token Created [Type: Identifier  Value: Antenna]
[DEBUG] New Token Created [Type: Identifier  Value: 3]
[DEBUG] New Token Created [Type: Identifier  Value: [OK]]
[DEBUG] New Token Created [Type: Identifier  Value: Antenna]
[DEBUG] New Token Created [Type: IntValue  Value: 10]
[DEBUG] New Token Created [Type: Identifier  Value: [OK]]
[DEBUG] New Token Created [Type: Identifier  Value: Antenna]
[DEBUG] New Token Created [Type: IntValue  Value: 24]
[DEBUG] New Token Created [Type: Identifier  Value: Hardware]
[DEBUG] New Token Created [Type: Identifier  Value: Avvio]
[DEBUG] New Token Created [Type: Dot  Value: misurazione.]
[DEBUG] New Token Created [Type: Dot  Value: .]
[DEBUG] New Token Created [Type: Identifier  Value: Controllo]
[DEBUG] New Token Created [Type: Dot  Value: hardware.]
[DEBUG] New Token Created [Type: Dot  Value: .]
[DEBUG] New Token Created [Type: Identifier  Value: [OK]]
[DEBUG] New Token Created [Type: Identifier  Value: [OK]]
[DEBUG] New Token Created [Type: Identifier  Value: Antenna]
[DEBUG] New Token Created [Type: Identifier  Value: 3]
[DEBUG] New Token Created [Type: Identifier  Value: [OK]]
[DEBUG] New Token Created [Type: Identifier  Value: Antenna]
[DEBUG] New Token Created [Type: IntValue  Value: 10]
[DEBUG] New Token Created [Type: Identifier  Value: [OK]]
[DEBUG] New Token Created [Type: Identifier  Value: Antenna]
[DEBUG] New Token Created [Type: IntValue  Value: 24]
[DEBUG] New Token Created [Type: Identifier  Value: Hardware]
[DEBUG] New Token Created [Type: Identifier  Value: Avvio]
[DEBUG] New Token Created [Type: Dot  Value: misurazione.]
[DEBUG] New Token Created [Type: Dot  Value: .]
[DEBUG] New Token Created [Type: Identifier  Value: Controllo]
[DEBUG] New Token Created [Type: Dot  Value: hardware.]
[DEBUG] New Token Created [Type: Dot  Value: .]
[DEBUG] New Token Created [Type: Identifier  Value: [OK]]
[DEBUG] New Token Created [Type: Identifier  Value: [OK]]
[DEBUG] New Token Created [Type: Identifier  Value: Antenna]
[DEBUG] New Token Created [Type: Identifier  Value: 3]
[DEBUG] New Token Created [Type: Identifier  Value: [OK]]
[DEBUG] New Token Created [Type: Identifier  Value: Antenna]
[DEBUG] New Token Created [Type: IntValue  Value: 10]
[DEBUG] New Token Created [Type: Identifier  Value: [OK]]
[DEBUG] New Token Created [Type: Identifier  Value: Antenna]
[DEBUG] New Token Created [Type: IntValue  Value: 24]
[DEBUG] New Token Created [Type: Identifier  Value: Hardware]
[DEBUG] New Token Created [Type: Identifier  Value: Avvio]
[DEBUG] New Token Created [Type: Dot  Value: misurazione.]
[DEBUG] New Token Created [Type: Dot  Value: .]
[DEBUG] New Token Created [Type: Identifier  Value: Controllo]
[DEBUG] New Token Created [Type: Dot  Value: hardware.]
[DEBUG] New Token Created [Type: Dot  Value: .]
[DEBUG] New Token Created [Type: Identifier  Value: [OK]]
[DEBUG] New Token Created [Type: Identifier  Value: [OK]]
[DEBUG] New Token Created [Type: Identifier  Value: Antenna]
[DEBUG] New Token Created [Type: Identifier  Value: 3]
[DEBUG] New Token Created [Type: Identifier  Value: [OK]]
[DEBUG] New Token Created [Type: Identifier  Value: Antenna]
[DEBUG] New Token Created [Type: IntValue  Value: 10]
[DEBUG] New Token Created [Type: Identifier  Value: [OK]]
[DEBUG] New Token Created [Type: Identifier  Value: Antenna]
[DEBUG] New Token Created [Type: IntValue  Value: 24]
[DEBUG] New Token Created [Type: Identifier  Value: Hardware]
[DEBUG] New Token Created [Type: Identifier  Value: Avvio]
[DEBUG] New Token Created [Type: Dot  Value: misurazione.]
[DEBUG] New Token Created [Type: Dot  Value: .]
[DEBUG] New Token Created [Type: Identifier  Value: Controllo]
[DEBUG] New Token Created [Type: Dot  Value: hardware.]
[DEBUG] New Token Created [Type: Dot  Value: .]
[DEBUG] New Token Created [Type: Identifier  Value: [OK]]
[DEBUG] New Token Created [Type: Identifier  Value: [OK]]
[DEBUG] New Token Created [Type: Identifier  Value: Antenna]
[DEBUG] New Token Created [Type: Identifier  Value: 3]
[DEBUG] New Token Created [Type: Identifier  Value: [OK]]
[DEBUG] New Token Created [Type: Identifier  Value: Antenna]
[DEBUG] New Token Created [Type: IntValue  Value: 10]
[DEBUG] New Token Created [Type: Identifier  Value: [OK]]
[DEBUG] New Token Created [Type: Identifier  Value: Antenna]
[DEBUG] New Token Created [Type: IntValue  Value: 24]
[DEBUG] New Token Created [Type: Identifier  Value: Hardware]
[DEBUG] New Token Created [Type: Identifier  Value: Avvio]
[DEBUG] New Token Created [Type: Dot  Value: misurazione.]
[DEBUG] New Token Created [Type: Dot  Value: .]
[DEBUG] New Token Created [Type: Identifier  Value: Controllo]
[DEBUG] New Token Created [Type: Dot  Value: hardware.]
[DEBUG] New Token Created [Type: Dot  Value: .]
[DEBUG] New Token Created [Type: Identifier  Value: [OK]]
[DEBUG] New Token Created [Type: Identifier  Value: [OK]]
[DEBUG] New Token Created [Type: Identifier  Value: Antenna]
[DEBUG] New Token Created [Type: Identifier  Value: 3]
[DEBUG] New Token Created [Type: Identifier  Value: [OK]]
[DEBUG] New Token Created [Type: Identifier  Value: Antenna]
[DEBUG] New Token Created [Type: IntValue  Value: 10]
[DEBUG] New Token Created [Type: Identifier  Value: [OK]]
[DEBUG] New Token Created [Type: Identifier  Value: Antenna]
[DEBUG] New Token Created [Type: IntValue  Value: 24]
[DEBUG] New Token Created [Type: Identifier  Value: Hardware]
[DEBUG] New Token Created [Type: Identifier  Value: Avvio]
[DEBUG] New Token Created [Type: Dot  Value: misurazione.]
[DEBUG] New Token Created [Type: Dot  Value: .]
[DEBUG] New Token Created [Type: Identifier  Value: Controllo]
[DEBUG] New Token Created [Type: Dot  Value: hardware.]
[DEBUG] New Token Created [Type: Dot  Value: .]
[DEBUG] New Token Created [Type: Identifier  Value: [OK]]
[DEBUG] New Token Created [Type: Identifier  Value: [OK]]
[DEBUG] New Token Created [Type: Identifier  Value: Antenna]
[DEBUG] New Token Created [Type: Identifier  Value: 3]
[DEBUG] New Token Created [Type: Identifier  Value: [OK]]
[DEBUG] New Token Created [Type: Identifier  Value: Antenna]
[DEBUG] New Token Created [Type: IntValue  Value: 10]
[DEBUG] New Token Created [Type: Identifier  Value: [OK]]
[DEBUG] New Token Created [Type: Identifier  Value: Antenna]
[DEBUG] New Token Created [Type: IntValue  Value: 24]
[DEBUG] New Token Created [Type: Identifier  Value: Hardware]
[DEBUG] New Token Created [Type: Identifier  Value: Avvio]
[DEBUG] New Token Created [Type: Dot  Value: misurazione.]
[DEBUG] New Token Created [Type: Dot  Value: .]
[DEBUG] New Token Created [Type: Identifier  Value: Controllo]
[DEBUG] New Token Created [Type: Dot  Value: hardware.]
[DEBUG] New Token Created [Type: Dot  Value: .]
[DEBUG] New Token Created [Type: Identifier  Value: [OK]]
[DEBUG] New Token Created [Type: Identifier  Value: [OK]]
[DEBUG] New Token Created [Type: Identifier  Value: Antenna]
[DEBUG] New Token Created [Type: Identifier  Value: 3]
[DEBUG] New Token Created [Type: Identifier  Value: [OK]]
[DEBUG] New Token Created [Type: Identifier  Value: Antenna]
[DEBUG] New Token Created [Type: IntValue  Value: 10]
[DEBUG] New Token Created [Type: Identifier  Value: [OK]]
[DEBUG] New Token Created [Type: Identifier  Value: Antenna]
[DEBUG] New Token Created [Type: IntValue  Value: 24]
[DEBUG] New Token Created [Type: Identifier  Value: Hardware]
[DEBUG] New Token Created [Type: Identifier  Value: Avvio]
[DEBUG] New Token Created [Type: Dot  Value: misurazione.]
[DEBUG] New Token Created [Type: Dot  Value: .]
[DEBUG] New Token Created [Type: Identifier  Value: Controllo]
[DEBUG] New Token Created [Type: Dot  Value: hardware.]
[DEBUG] New Token Created [Type: Dot  Value: .]
[DEBUG] New Token Created [Type: Identifier  Value: [OK]]
[DEBUG] New Token Created [Type: Identifier  Value: [OK]]
[DEBUG] New Token Created [Type: Identifier  Value: Antenna]
[DEBUG] New Token Created [Type: Identifier  Value: 3]
[DEBUG] New Token Created [Type: Identifier  Value: [OK]]
[DEBUG] New Token Created [Type: Identifier  Value: Antenna]
[DEBUG] New Token Created [Type: IntValue  Value: 10]
[DEBUG] New Token Created [Type: Identifier  Value: [OK]]
[DEBUG] New Token Created [Type: Identifier  Value: Antenna]
[DEBUG] New Token Created [Type: IntValue  Value: 24]
[DEBUG] New Token Created [Type: Identifier  Value: Hardware]
[DEBUG] New Token Created [Type: Identifier  Value: Avvio]
[DEBUG] New Token Created [Type: Dot  Value: misurazione.]
[DEBUG] New Token Created [Type: Dot  Value: .]
[DEBUG] New Token Created [Type: Identifier  Value: Controllo]
[DEBUG] New Token Created [Type: Dot  Value: hardware.]
[DEBUG] New Token Created [Type: Dot  Value: .]
[DEBUG] New Token Created [Type: Identifier  Value: [OK]]
[DEBUG] New Token Created [Type: Identifier  Value: [OK]]
[DEBUG] New Token Created [Type: Identifier  Value: Antenna]
[DEBUG] New Token Created [Type: Identifier  Value: 3]
[DEBUG] New Token Created [Type: Identifier  Value: [OK]]
[DEBUG] New Token Created [Type: Identifier  Value: Antenna]
[DEBUG] New Token Created [Type: IntValue  Value: 10]
[DEBUG] New Token Created [Type: Identifier  Value: [OK]]
[DEBUG] New Token Created [Type: Identifier  Value: Antenna]
[DEBUG] New Token Created [Type: IntValue  Value: 24]
[DEBUG] New Token Created [Type: Identifier  Value: Hardware]
[DEBUG] New Token Created [Type: Identifier  Value: Avvio]
[DEBUG] New Token Created [Type: Dot  Value: misurazione.]
[DEBUG] New Token Created [Type: Dot  Value: .]
[DEBUG] New Token Created [Type: Identifier  Value: Controllo]
[DEBUG] New Token Created [Type: Dot  Value: hardware.]
[DEBUG] New Token Created [Type: Dot  Value: .]
[DEBUG] New Token Created [Type: Identifier  Value: [OK]]
[DEBUG] New Token Created [Type: Identifier  Value: [OK]]
[DEBUG] New Token Created [Type: Identifier  Value: Antenna]
[DEBUG] New Token Created [Type: Identifier  Value: 3]
[DEBUG] New Token Created [Type: Identifier  Value: [OK]]
[DEBUG] New Token Created [Type: Identifier  Value: Antenna]
[DEBUG] New Token Created [Type: IntValue  Value: 10]
[DEBUG] New Token Created [Type: Identifier  Value: [OK]]
[DEBUG] New Token Created [Type: Identifier  Value: Antenna]
[DEBUG] New Token Created [Type: IntValue  Value: 24]
[DEBUG] New Token Created [Type: Identifier  Value: Hardware]
[DEBUG] New Token Created [Type: Identifier  Value: Avvio]
[DEBUG] New Token Created [Type: Dot  Value: misurazione.]
[DEBUG] New Token Created [Type: Dot  Value: .]
[DEBUG] New Token Created [Type: Identifier  Value: Controllo]
[DEBUG] New Token Created [Type: Dot  Value: hardware.]
[DEBUG] New Token Created [Type: Dot  Value: .]
[DEBUG] New Token Created [Type: Identifier  Value: [OK]]
[DEBUG] New Token Created [Type: Identifier  Value: [OK]]
[DEBUG] New Token Created [Type: Identifier  Value: Antenna]
[DEBUG] New Token Created [Type: Identifier  Value: 3]
[DEBUG] New Token Created [Type: Identifier  Value: [OK]]
[DEBUG] New Token Created [Type: Identifier  Value: Antenna]
[DEBUG] New Token Created [Type: IntValue  Value: 10]
[DEBUG] New Token Created [Type: Identifier  Value: [OK]]
[DEBUG] New Token Created [Type: Identifier  Value: Antenna]
[DEBUG] New Token Created [Type: IntValue  Value: 24]
[DEBUG] New Token Created [Type: Identifier  Value: Hardware]
[DEBUG] New Token Created [Type: Identifier  Value: Avvio]
[DEBUG] New Token Created [Type: Dot  Value: misurazione.]
[DEBUG] New Token Created [Type: Dot  Value: .]
[DEBUG] New Token Created [Type: Identifier  Value: Controllo]
[DEBUG] New Token Created [Type: Dot  Value: hardware.]
[DEBUG] New Token Created [Type: Dot  Value: .]
[DEBUG] New Token Created [Type: Identifier  Value: [OK]]
[DEBUG] New Token Created [Type: Identifier  Value: [OK]]
[DEBUG] New Token Created [Type: Identifier  Value: Antenna]
[DEBUG] New Token Created [Type: Identifier  Value: 3]
[DEBUG] New Token Created [Type: Identifier  Value: [OK]]
[DEBUG] New Token Created [Type: Identifier  Value: Antenna]
[DEBUG] New Token Created [Type: IntValue  Value: 10]
[DEBUG] New Token Created [Type: Identifier  Value: [OK]]
[DEBUG] New Token Created [Type: Identifier  Value: Antenna]
[DEBUG] New Token Created [Type: IntValue  Value: 24]
[DEBUG] New Token Created [Type: Identifier  Value: Hardware]
[DEBUG] New Token Created [Type: Identifier  Value: Avvio]
[DEBUG] New Token Created [Type: Dot  Value: misurazione.]
[DEBUG] New Token Created [Type: Dot  Value: .]
[DEBUG] New Token Created [Type: Identifier  Value: Controllo]
[DEBUG] New Token Created [Type: Dot  Value: hardware.]
[DEBUG] New Token Created [Type: Dot  Value: .]
[DEBUG] New Token Created [Type: Identifier  Value: [OK]]
[DEBUG] New Token Created [Type: Identifier  Value: [OK]]
[DEBUG] New Token Created [Type: Identifier  Value: Antenna]
[DEBUG] New Token Created [Type: Identifier  Value: 3]
[DEBUG] New Token Created [Type: Identifier  Value: [OK]]
[DEBUG] New Token Created [Type: Identifier  Value: Antenna]
[DEBUG] New Token Created [Type: IntValue  Value: 10]
[DEBUG] New Token Created [Type: Identifier  Value: [OK]]
[DEBUG] New Token Created [Type: Identifier  Value: Antenna]
[DEBUG] New Token Created [Type: IntValue  Value: 24]
[DEBUG] New Token Created [Type: Identifier  Value: Hardware]
[DEBUG] New Token Created [Type: Identifier  Value: Avvio]
[DEBUG] New Token Created [Type: Dot  Value: misurazione.]
[DEBUG] New Token Created [Type: Dot  Value: .]
[DEBUG] New Token Created [Type: Identifier  Value: Controllo]
[DEBUG] New Token Created [Type: Dot  Value: hardware.]
[DEBUG] New Token Created [Type: Dot  Value: .]
[DEBUG] New Token Created [Type: Identifier  Value: [OK]]
[DEBUG] New Token Created [Type: Identifier  Value: [OK]]
[DEBUG] New Token Created [Type: Identifier  Value: Antenna]
[DEBUG] New Token Created [Type: Identifier  Value: 3]
[DEBUG] New Token Created [Type: Identifier  Value: [OK]]
[DEBUG] New Token Created [Type: Identifier  Value: Antenna]
[DEBUG] New Token Created [Type: IntValue  Value: 10]
[DEBUG] New Token Created [Type: Identifier  Value: [OK]]
[DEBUG] New Token Created [Type: Identifier  Value: Antenna]
[DEBUG] New Token Created [Type: IntValue  Value: 24]
[DEBUG] New Token Created [Type: Identifier  Value: Hardware]
[DEBUG] New Token Created [Type: Identifier  Value: Avvio]
[DEBUG] New Token Created [Type: Dot  Value: misurazione.]
[DEBUG] New Token Created [Type: Dot  Value: .]
[DEBUG] New Token Created [Type: Identifier  Value: Controllo]
[DEBUG] New Token Created [Type: Dot  Value: hardware.]
[DEBUG] New Token Created [Type: Dot  Value: .]
[DEBUG] New Token Created [Type: Identifier  Value: [OK]]
[DEBUG] New Token Created [Type: Identifier  Value: [OK]]
[DEBUG] New Token Created [Type: Identifier  Value: Antenna]
[DEBUG] New Token Created [Type: Identifier  Value: 3]
[DEBUG] New Token Created [Type: Identifier  Value: [OK]]
[DEBUG] New Token Created [Type: Identifier  Value: Antenna]
[DEBUG] New Token Created [Type: IntValue  Value: 10]
[DEBUG] New Token Created [Type: Identifier  Value: [OK]]
[DEBUG] New Token Created [Type: Identifier  Value: Antenna]
[DEBUG] New Token Created [Type: IntValue  Value: 24]
[DEBUG] New Token Created [Type: Identifier  Value: Hardware]
[DEBUG] New Token Created [Type: Identifier  Value: Avvio]
[DEBUG] New Token Created [Type: Dot  Value: misurazione.]
[DEBUG] New Token Created [Type: Dot  Value: .]
[DEBUG] New Token Created [Type: Identifier  Value: Controllo]
[DEBUG] New Token Created [Type: Dot  Value: hardware.]
[DEBUG] New Token Created [Type: Dot  Value: .]
[DEBUG] New Token Created [Type: Identifier  Value: [OK]]
[DEBUG] New Token Created [Type: Identifier  Value: [OK]]
[DEBUG] New Token Created [Type: Identifier  Value: Antenna]
[DEBUG] New Token Created [Type: Identifier  Value: 3]
[DEBUG] New Token Created [Type: Identifier  Value: [OK]]
[DEBUG] New Token Created [Type: Identifier  Value: Antenna]
[DEBUG] New Token Created [Type: IntValue  Value: 10]
[DEBUG] New Token Created [Type: Identifier  Value: [OK]]
[DEBUG] New Token Created [Type: Identifier  Value: Antenna]
[DEBUG] New Token Created [Type: IntValue  Value: 24]
[DEBUG] New Token Created [Type: Identifier  Value: Hardware]
[DEBUG] New Token Created [Type: Identifier  Value: Avvio]
[DEBUG] New Token Created [Type: Dot  Value: misurazione.]
[DEBUG] New Token Created [Type: Dot  Value: .]
[DEBUG] New Token Created [Type: Identifier  Value: Controllo]
[DEBUG] New Token Created [Type: Dot  Value: hardware.]
[DEBUG] New Token Created [Type: Dot  Value: .]
[DEBUG] New Token Created [Type: Identifier  Value: [OK]]
[DEBUG] New Token Created [Type: Identifier  Value: [OK]]
[DEBUG] New Token Created [Type: Identifier  Value: Antenna]
[DEBUG] New Token Created [Type: Identifier  Value: 3]
[DEBUG] New Token Created [Type: Identifier  Value: [OK]]
[DEBUG] New Token Created [Type: Identifier  Value: Antenna]
[DEBUG] New Token Created [Type: IntValue  Value: 10]
[DEBUG] New Token Created [Type: Identifier  Value: [OK]]
[DEBUG] New Token Created [Type: Identifier  Value: Antenna]
[DEBUG] New Token Created [Type: IntValue  Value: 24]
[DEBUG] New Token Created [Type: Identifier  Value: Hardware]
[DEBUG] New Token Created [Type: Identifier  Value: Avvio]
[DEBUG] New Token Created [Type: Dot  Value: misurazione.]
[DEBUG] New Token Created [Type: Dot  Value: .]
[DEBUG] New Token Created [Type: Identifier  Value: Controllo]
[DEBUG] New Token Created [Type: Dot  Value: hardware.]
[DEBUG] New Token Created [Type: Dot  Value: .]
[DEBUG] New Token Created [Type: Identifier  Value: [OK]]
[DEBUG] New Token Created [Type: Identifier  Value: [OK]]
[DEBUG] New Token Created [Type: Identifier  Value: Antenna]
[DEBUG] New Token Created [Type: Identifier  Value: 3]
[DEBUG] New Token Created [Type: Identifier  Value: [OK]]
[DEBUG] New Token Created [Type: Identifier  Value: Antenna]
[DEBUG] New Token Created [Type: IntValue  Value: 10]
[DEBUG] New Token Created [Type: Identifier  Value: [OK]]
[DEBUG] New Token Created [Type: Identifier  Value: Antenna]
[DEBUG] New Token Created [Type: IntValue  Value: 24]
[DEBUG] New Token Created [Type: Identifier  Value: Hardware]
[DEBUG] New Token Created [Type: Identifier  Value: Avvio]
[DEBUG] New Token Created [Type: Dot  Value: misurazione.]
[DEBUG] New Token Created [Type: Dot  Value: .]
[DEBUG] New Token Created [Type: Identifier  Value: Controllo]
[DEBUG] New Token Created [Type: Dot  Value: hardware.]
[DEBUG] New Token Created [Type: Dot  Value: .]
[DEBUG] New Token Created [Type: Identifier  Value: [OK]]
[DEBUG] New Token Created [Type: Identifier  Value: [OK]]
[DEBUG] New Token Created [Type: Identifier  Value: Antenna]
[DEBUG] New Token Created [Type: Identifier  Value: 3]
[DEBUG] New Token Created [Type: Identifier  Value: [OK]]
[DEBUG] New Token Created [Type: Identifier  Value: Antenna]
[DEBUG] New Token Created [Type: IntValue  Value: 10]
[DEBUG] New Token Created [Type: Identifier  Value: [OK]]
[DEBUG] New Token Created [Type: Identifier  Value: Antenna]
[DEBUG] New Token Created [Type: IntValue  Value: 24]
[DEBUG] New Token Created [Type: Identifier  Value: Hardware]
[DEBUG] New Token Created [Type: Identifier  Value: Avvio]
[DEBUG] New Token Created [Type: Dot  Value: misurazione.]
[DEBUG] New Token Created [Type: Dot  Value: .]
[DEBUG] New Token Created [Type: Identifier  Value: Controllo]
[DEBUG] New Token Created [Type: Dot  Value: hardware.]
[DEBUG] New Token Created [Type: Dot  Value: .]
[DEBUG] New Token Created [Type: Identifier  Value: [OK]]
[DEBUG] New Token Created [Type: Identifier  Value: [OK]]
[DEBUG] New Token Created [Type: Identifier  Value: Antenna]
[DEBUG] New Token Created [Type: Identifier  Value: 3]
[DEBUG] New Token Created [Type: Identifier  Value: [OK]]
[DEBUG] New Token Created [Type: Identifier  Value: Antenna]
[DEBUG] New Token Created [Type: IntValue  Value: 10]
[DEBUG] New Token Created [Type: Identifier  Value: [OK]]
[DEBUG] New Token Created [Type: Identifier  Value: Antenna]
[DEBUG] New Token Created [Type: IntValue  Value: 24]
[DEBUG] New Token Created [Type: Identifier  Value: Hardware]
[DEBUG] New Token Created [Type: Identifier  Value: Avvio]
[DEBUG] New Token Created [Type: Dot  Value: misurazione.]
[DEBUG] New Token Created [Type: Dot  Value: .]
[DEBUG] New Token Created [Type: Identifier  Value: Controllo]
[DEBUG] New Token Created [Type: Dot  Value: hardware.]
[DEBUG] New Token Created [Type: Dot  Value: .]
[DEBUG] New Token Created [Type: Identifier  Value: [OK]]
[DEBUG] New Token Created [Type: Identifier  Value: [OK]]
[DEBUG] New Token Created [Type: Identifier  Value: Antenna]
[DEBUG] New Token Created [Type: Identifier  Value: 3]
[DEBUG] New Token Created [Type: Identifier  Value: [OK]]
[DEBUG] New Token Created [Type: Identifier  Value: Antenna]
[DEBUG] New Token Created [Type: IntValue  Value: 10]
[DEBUG] New Token Created [Type: Identifier  Value: [OK]]
[DEBUG] New Token Created [Type: Identifier  Value: Antenna]
[DEBUG] New Token Created [Type: IntValue  Value: 24]
[DEBUG] New Token Created [Type: Identifier  Value: Hardware]
[DEBUG] New Token Created [Type: Identifier  Value: Avvio]
[DEBUG] New Token Created [Type: Dot  Value: misurazione.]
[DEBUG] New Token Created [Type: Dot  Value: .]
[DEBUG] New Token Created [Type: Identifier  Value: Controllo]
[DEBUG] New Token Created [Type: Dot  Value: hardware.]
[DEBUG] New Token Created [Type: Dot  Value: .]
[DEBUG] New Token Created [Type: Identifier  Value: [OK]]
[DEBUG] New Token Created [Type: Identifier  Value: [OK]]
[DEBUG] New Token Created [Type: Identifier  Value: Antenna]
[DEBUG] New Token Created [Type: Identifier  Value: 3]
[DEBUG] New Token Created [Type: Identifier  Value: [OK]]
[DEBUG] New Token Created [Type: Identifier  Value: Antenna]
[DEBUG] New Token Created [Type: IntValue  Value: 10]
[DEBUG] New Token Created [Type: Identifier  Value: [OK]]
[DEBUG] New Token Created [Type: Identifier  Value: Antenna]
[DEBUG] New Token Created [Type: IntValue  Value: 24]
[DEBUG] New Token Created [Type: Identifier  Value: Hardware]
[DEBUG] New Token Created [Type: Identifier  Value: Avvio]
[DEBUG] New Token Created [Type: Dot  Value: misurazione.]
[DEBUG] New Token Created [Type: Dot  Value: .]
[DEBUG] New Token Created [Type: Identifier  Value: Controllo]
[DEBUG] New Token Created [Type: Dot  Value: hardware.]
[DEBUG] New Token Created [Type: Dot  Value: .]
[DEBUG] New Token Created [Type: Identifier  Value: [OK]]
[DEBUG] New Token Created [Type: Identifier  Value: [OK]]
[DEBUG] New Token Created [Type: Identifier  Value: Antenna]
[DEBUG] New Token Created [Type: Identifier  Value: 3]
[DEBUG] New Token Created [Type: Identifier  Value: [OK]]
[DEBUG] New Token Created [Type: Identifier  Value: Antenna]
[DEBUG] New Token Created [Type: IntValue  Value: 10]
[DEBUG] New Token Created [Type: Identifier  Value: [OK]]
[DEBUG] New Token Created [Type: Identifier  Value: Antenna]
[DEBUG] New Token Created [Type: IntValue  Value: 24]
[DEBUG] New Token Created [Type: Identifier  Value: Hardware]
[DEBUG] New Token Created [Type: Identifier  Value: Avvio]
[DEBUG] New Token Created [Type: Dot  Value: misurazione.]
[DEBUG] New Token Created [Type: Dot  Value: .]
[DEBUG] New Token Created [Type: Identifier  Value: Controllo]
[DEBUG] New Token Created [Type: Dot  Value: hardware.]
[DEBUG] New Token Created [Type: Dot  Value: .]
[DEBUG] New Token Created [Type: Identifier  Value: [OK]]
[DEBUG] New Token Created [Type: Identifier  Value: [OK]]
[DEBUG] New Token Created [Type: Identifier  Value: Antenna]
[DEBUG] New Token Created [Type: Identifier  Value: 3]
[DEBUG] New Token Created [Type: Identifier  Value: [OK]]
[DEBUG] New Token Created [Type: Identifier  Value: Antenna]
[DEBUG] New Token Created [Type: IntValue  Value: 10]
[DEBUG] New Token Created [Type: Identifier  Value: [OK]]
[DEBUG] New Token Created [Type: Identifier  Value: Antenna]
[DEBUG] New Token Created [Type: IntValue  Value: 24]
[DEBUG] New Token Created [Type: Identifier  Value: Hardware]
[DEBUG] New Token Created [Type: Identifier  Value: Avvio]
[DEBUG] New Token Created [Type: Dot  Value: misurazione.]
[DEBUG] New Token Created [Type: Dot  Value: .]
[DEBUG] New Token Created [Type: Identifier  Value: Controllo]
[DEBUG] New Token Created [Type: Dot  Value: hardware.]
[DEBUG] New Token Created [Type: Dot  Value: .]
[DEBUG] New Token Created [Type: Identifier  Value: [OK]]
[DEBUG] New Token Created [Type: Identifier  Value: [OK]]
[DEBUG] New Token Created [Type: Identifier  Value: Antenna]
[DEBUG] New Token Created [Type: Identifier  Value: 3]
[DEBUG] New Token Created [Type: Identifier  Value: [OK]]
[DEBUG] New Token Created [Type: Identifier  Value: Antenna]
[DEBUG] New Token Created [Type: IntValue  Value: 10]
[DEBUG] New Token Created [Type: Identifier  Value: [OK]]
[DEBUG] New Token Created [Type: Identifier  Value: Antenna]
[DEBUG] New Token Created [Type: IntValue  Value: 24]
[DEBUG] New Token Created [Type: Identifier  Value: Hardware]
[DEBUG] New Token Created [Type: Identifier  Value: Avvio]
[DEBUG] New Token Created [Type: Dot  Value: misurazione.]
[DEBUG] New Token Created [Type: Dot  Value: .]
[DEBUG] New Token Created [Type: Identifier  Value: Controllo]
[DEBUG] New Token Created [Type: Dot  Value: hardware.]
[DEBUG] New Token Created [Type: Dot  Value: .]
[DEBUG] New Token Created [Type: Identifier  Value: [OK]]
[DEBUG] New Token Created [Type: Identifier  Value: [OK]]
[DEBUG] New Token Created [Type: Identifier  Value: Antenna]
[DEBUG] New Token Created [Type: Identifier  Value: 3]
[DEBUG] New Token Created [Type: Identifier  Value: [OK]]
[DEBUG] New Token Created [Type: Identifier  Value: Antenna]
[DEBUG] New Token Created [Type: IntValue  Value: 10]
[DEBUG] New Token Created [Type: Identifier  Value: [OK]]
[DEBUG] New Token Created [Type: Identifier  Value: Antenna]
[DEBUG] New Token Created [Type: IntValue  Value: 24]
[DEBUG] New Token Created [Type: Identifier  Value: Hardware]
[DEBUG] New Token Created [Type: Identifier  Value: Avvio]
[DEBUG] New Token Created [Type: Dot  Value: misurazione.]
[DEBUG] New Token Created [Type: Dot  Value: .]
[DEBUG] New Token Created [Type: Identifier  Value: Controllo]
[DEBUG] New Token Created [Type: Dot  Value: hardware.]
[DEBUG] New Token Created [Type: Dot  Value: .]
[DEBUG] New Token Created [Type: Identifier  Value: [OK]]
[DEBUG] New Token Created [Type: Identifier  Value: [OK]]
[DEBUG] New Token Created [Type: Identifier  Value: Antenna]
[DEBUG] New Token Created [Type: Identifier  Value: 3]
[DEBUG] New Token Created [Type: Identifier  Value: [OK]]
[DEBUG] New Token Created [Type: Identifier  Value: Antenna]
[DEBUG] New Token Created [Type: IntValue  Value: 10]
[DEBUG] New Token Created [Type: Identifier  Value: [OK]]
[DEBUG] New Token Created [Type: Identifier  Value: Antenna]
[DEBUG] New Token Created [Type: IntValue  Value: 24]
[DEBUG] New Token Created [Type: Identifier  Value: Hardware]
[DEBUG] New Token Created [Type: Identifier  Value: Avvio]
[DEBUG] New Token Created [Type: Dot  Value: misurazione.]
[DEBUG] New Token Created [Type: Dot  Value: .]
[DEBUG] New Token Created [Type: Identifier  Value: Controllo]
[DEBUG] New Token Created [Type: Dot  Value: hardware.]
[DEBUG] New Token Created [Type: Dot  Value: .]
[DEBUG] New Token Created [Type: Identifier  Value: [OK]]
[DEBUG] New Token Created [Type: Identifier  Value: [OK]]
[DEBUG] New Token Created [Type: Identifier  Value: Antenna]
[DEBUG] New Token Created [Type: Identifier  Value: 3]
[DEBUG] New Token Created [Type: Identifier  Value: [OK]]
[DEBUG] New Token Created [Type: Identifier  Value: Antenna]
[DEBUG] New Token Created [Type: IntValue  Value: 10]
[DEBUG] New Token Created [Type: Identifier  Value: [OK]]
[DEBUG] New Token Created [Type: Identifier  Value: Antenna]
[DEBUG] New Token Created [Type: IntValue  Value: 24]
[DEBUG] New Token Created [Type: Identifier  Value: Hardware]
[DEBUG] New Token Created [Type: Identifier  Value: Avvio]
[DEBUG] New Token Created [Type: Dot  Value: misurazione.]
[DEBUG] New Token Created [Type: Dot  Value: .]
[DEBUG] New Token Created [Type: Identifier  Value: Controllo]
[DEBUG] New Token Created [Type: Dot  Value: hardware.]
[DEBUG] New Token Created [Type: Dot  Value: .]
[DEBUG] New Token Created [Type: Identifier  Value: [OK]]
[DEBUG] New Token Created [Type: Identifier  Value: [OK]]
[DEBUG] New Token Created [Type: Identifier  Value: Antenna]
[DEBUG] New Token Created [Type: Identifier  Value: 3]
[DEBUG] New Token Created [Type: Identifier  Value: [OK]]
[DEBUG] New Token Created [Type: Identifier  Value: Antenna]
[DEBUG] New Token Created [Type: IntValue  Value: 10]
[DEBUG] New Token Created [Type: Identifier  Value: [OK]]
[DEBUG] New Token Created [Type: Identifier  Value: Antenna]
[DEBUG] New Token Created [Type: IntValue  Value: 24]
[DEBUG] New Token Created [Type: Identifier  Value: Hardware]
[DEBUG] New Token Created [Type: Identifier  Value: Avvio]
[DEBUG] New Token Created [Type: Dot  Value: misurazione.]
[DEBUG] New Token Created [Type: Dot  Value: .]
[DEBUG] New Token Created [Type: Identifier  Value: Controllo]
[DEBUG] New Token Created [Type: Dot  Value: hardware.]
[DEBUG] New Token Created [Type: Dot  Value: .]
[DEBUG] New Token Created [Type: Identifier  Value: [OK]]
[DEBUG] New Token Created [Type: Identifier  Value: [OK]]
[DEBUG] New Token Created [Type: Identifier  Value: Antenna]
[DEBUG] New Token Created [Type: Identifier  Value: 3]
[DEBUG] New Token Created [Type: Identifier  Value: [OK]]
[DEBUG] New Token Created [Type: Identifier  Value: Antenna]
[DEBUG] New Token Created [Type: IntValue  Value: 10]
[DEBUG] New Token Created [Type: Identifier  Value: [OK]]
[DEBUG] New Token Created [Type: Identifier  Value: Antenna]
[DEBUG] New Token Created [Type: IntValue  Value: 24]
[DEBUG] New Token Created [Type: Identifier  Value: Hardware]
[DEBUG] New Token Created [Type: Identifier  Value: Avvio]
[DEBUG] New Token Created [Type: Dot  Value: misurazione.]
[DEBUG] New Token Created [Type: Dot  Value: .]
[DEBUG] New Token Created [Type: Identifier  Value: Controllo]
[DEBUG] New Token Created [Type: Dot  Value: hardware.]
[DEBUG] New Token Created [Type: Dot  Value: .]
[DEBUG] New Token Created [Type: Identifier  Value: [OK]]
[DEBUG] New Token Created [Type: Identifier  Value: [OK]]
[DEBUG] New Token Created [Type: Identifier  Value: Antenna]
[DEBUG] New Token Created [Type: Identifier  Value: 3]
[DEBUG] New Token Created [Type: Identifier  Value: [OK]]
[DEBUG] New Token Created [Type: Identifier  Value: Antenna]
[DEBUG] New Token Created [Type: IntValue  Value: 10]
[DEBUG] New Token Created [Type: Identifier  Value: [OK]]
[DEBUG] New Token Created [Type: Identifier  Value: Antenna]
[DEBUG] New Token Created [Type: IntValue  Value: 24]
[DEBUG] New Token Created [Type: Identifier  Value: Hardware]
[DEBUG] New Token Created [Type: Identifier  Value: Avvio]
[DEBUG] New Token Created [Type: Dot  Value: misurazione.]
[DEBUG] New Token Created [Type: Dot  Value: .]
[DEBUG] New Token Created [Type: Identifier  Value: Controllo]
[DEBUG] New Token Created [Type: Dot  Value: hardware.]
[DEBUG] New Token Created [Type: Dot  Value: .]
[DEBUG] New Token Created [Type: Identifier  Value: [OK]]
[DEBUG] New Token Created [Type: Identifier  Value: [OK]]
[DEBUG] New Token Created [Type: Identifier  Value: Antenna]
[DEBUG] New Token Created [Type: Identifier  Value: 3]
[DEBUG] New Token Created [Type: Identifier  Value: [OK]]
[DEBUG] New Token Created [Type: Identifier  Value: Antenna]
[DEBUG] New Token Created [Type: IntValue  Value: 10]
[DEBUG] New Token Created [Type: Identifier  Value: [OK]]
[DEBUG] New Token Created [Type: Identifier  Value: Antenna]
[DEBUG] New Token Created [Type: IntValue  Value: 24]
[DEBUG] New Token Created [Type: Identifier  Value: Hardware]
[DEBUG] New Token Created [Type: Identifier  Value: Avvio]
[DEBUG] New Token Created [Type: Dot  Value: misurazione.]
[DEBUG] New Token Created [Type: Dot  Value: .]
[DEBUG] New Token Created [Type: Identifier  Value: Controllo]
[DEBUG] New Token Created [Type: Dot  Value: hardware.]
[DEBUG] New Token Created [Type: Dot  Value: .]
[DEBUG] New Token Created [Type: Identifier  Value: [OK]]
[DEBUG] New Token Created [Type: Identifier  Value: [OK]]
[DEBUG] New Token Created [Type: Identifier  Value: Antenna]
[DEBUG] New Token Created [Type: Identifier  Value: 3]
[DEBUG] New Token Created [Type: Identifier  Value: [OK]]
[DEBUG] New Token Created [Type: Identifier  Value: Antenna]
[DEBUG] New Token Created [Type: IntValue  Value: 10]
[DEBUG] New Token Created [Type: Identifier  Value: [OK]]
[DEBUG] New Token Created [Type: Identifier  Value: Antenna]
[DEBUG] New Token Created [Type: IntValue  Value: 24]
[DEBUG] New Token Created [Type: Identifier  Value: Hardware]
[DEBUG] New Token Created [Type: Identifier  Value: Avvio]
[DEBUG] New Token Created [Type: Dot  Value: misurazione.]
[DEBUG] New Token Created [Type: Dot  Value: .]
[DEBUG] New Token Created [Type: Identifier  Value: Controllo]
[DEBUG] New Token Created [Type: Dot  Value: hardware.]
[DEBUG] New Token Created [Type: Dot  Value: .]
[DEBUG] New Token Created [Type: Identifier  Value: [OK]]
[DEBUG] New Token Created [Type: Identifier  Value: [OK]]
[DEBUG] New Token Created [Type: Identifier  Value: Antenna]
[DEBUG] New Token Created [Type: Identifier  Value: 3]
[DEBUG] New Token Created [Type: Identifier  Value: [OK]]
[DEBUG] New Token Created [Type: Identifier  Value: Antenna]
[DEBUG] New Token Created [Type: IntValue  Value: 10]
[DEBUG] New Token Created [Type: Identifier  Value: [OK]]
[DEBUG] New Token Created [Type: Identifier  Value: Antenna]
[DEBUG] New Token Created [Type: IntValue  Value: 24]
[DEBUG] New Token Created [Type: Identifier  Value: Hardware]
[DEBUG] New Token Created [Type: Identifier  Value: Avvio]
[DEBUG] New Token Created [Type: Dot  Value: misurazione.]
[DEBUG] New Token Created [Type: Dot  Value: .]
[DEBUG] New Token Created [Type: Identifier  Value: Controllo]
[DEBUG] New Token Created [Type: Dot  Value: hardware.]
[DEBUG] New Token Created [Type: Dot  Value: .]
[DEBUG] New Token Created [Type: Identifier  Value: [OK]]
[DEBUG] New Token Created [Type: Identifier  Value: [OK]]
[DEBUG] New Token Created [Type: Identifier  Value: Antenna]
[DEBUG] New Token Created [Type: Identifier  Value: 3]
[DEBUG] New Token Created [Type: Identifier  Value: [OK]]
[DEBUG] New Token Created [Type: Identifier  Value: Antenna]
[DEBUG] New Token Created [Type: IntValue  Value: 10]
[DEBUG] New Token Created [Type: Identifier  Value: [OK]]
[DEBUG] New Token Created [Type: Identifier  Value: Antenna]
[DEBUG] New Token Created [Type: IntValue  Value: 24]
[DEBUG] New Token Created [Type: Identifier  Value: Hardware]
[DEBUG] New Token Created [Type: Identifier  Value: Avvio]
[DEBUG] New Token Created [Type: Dot  Value: misurazione.]
[DEBUG] New Token Created [Type: Dot  Value: .]
[DEBUG] New Token Created [Type: Identifier  Value: Controllo]
[DEBUG] New Token Created [Type: Dot  Value: hardware.]
[DEBUG] New Token Created [Type: Dot  Value: .]
[DEBUG] New Token Created [Type: Identifier  Value: [OK]]
[DEBUG] New Token Created [Type: Identifier  Value: [OK]]
[DEBUG] New Token Created [Type: Identifier  Value: Antenna]
[DEBUG] New Token Created [Type: Identifier  Value: 3]
[DEBUG] New Token Created [Type: Identifier  Value: [OK]]
[DEBUG] New Token Created [Type: Identifier  Value: Antenna]
[DEBUG] New Token Created [Type: IntValue  Value: 10]
[DEBUG] New Token Created [Type: Identifier  Value: [OK]]
[DEBUG] New Token Created [Type: Identifier  Value: Antenna]
[DEBUG] New Token Created [Type: IntValue  Value: 24]
[DEBUG] New Token Created [Type: Identifier  Value: Hardware]
[DEBUG] New Token Created [Type: Identifier  Value: Avvio]
[DEBUG] New Token Created [Type: Dot  Value: misurazione.]
[DEBUG] New Token Created [Type: Dot  Value: .]
[DEBUG] New Token Created [Type: Identifier  Value: Controllo]
[DEBUG] New Token Created [Type: Dot  Value: hardware.]
[DEBUG] New Token Created [Type: Dot  Value: .]
[DEBUG] New Token Created [Type: Identifier  Value: [OK]]
[DEBUG] New Token Created [Type: Identifier  Value: [OK]]
[DEBUG] New Token Created [Type: Identifier  Value: Antenna]
[DEBUG] New Token Created [Type: Identifier  Value: 3]
[DEBUG] New Token Created [Type: Identifier  Value: [OK]]
[DEBUG] New Token Created [Type: Identifier  Value: Antenna]
[DEBUG] New Token Created [Type: IntValue  Value: 10]
[DEBUG] New Token Created [Type: Identifier  Value: [OK]]
[DEBUG] New Token Created [Type: Identifier  Value: Antenna]
[DEBUG] New Token Created [Type: IntValue  Value: 24]
[DEBUG] New Token Created [Type: Identifier  Value: Hardware]
[DEBUG] New Token Created [Type: Identifier  Value: Avvio]
[DEBUG] New Token Created [Type: Dot  Value: misurazione.]
[DEBUG] New Token Created [Type: Dot  Value: .]
[DEBUG] New Token Created [Type: Identifier  Value: Controllo]
[DEBUG] New Token Created [Type: Dot  Value: hardware.]
[DEBUG] New Token Created [Type: Dot  Value: .]
[DEBUG] New Token Created [Type: Identifier  Value: [OK]]
[DEBUG] New Token Created [Type: Identifier  Value: [OK]]
[DEBUG] New Token Created [Type: Identifier  Value: Antenna]
[DEBUG] New Token Created [Type: Identifier  Value: 3]
[DEBUG] New Token Created [Type: Identifier  Value: [OK]]
[DEBUG] New Token Created [Type: Identifier  Value: Antenna]
[DEBUG] New Token Created [Type: IntValue  Value: 10]
[DEBUG] New Token Created [Type: Identifier  Value: [OK]]
[DEBUG] New Token Created [Type: Identifier  Value: Antenna]
[DEBUG] New Token Created [Type: IntValue  Value: 24]
[DEBUG] New Token Created [Type: Identifier  Value: Hardware]
[DEBUG] New Token Created [Type: Identifier  Value: Avvio]
[DEBUG] New Token Created [Type: Dot  Value: misurazione.]
[DEBUG] New Token Created [Type: Dot  Value: .]
[DEBUG] New Token Created [Type: Identifier  Value: Controllo]
[DEBUG] New Token Created [Type: Dot  Value: hardware.]
[DEBUG] New Token Created [Type: Dot  Value: .]
[DEBUG] New Token Created [Type: Identifier  Value: [OK]]
[DEBUG] New Token Created [Type: Identifier  Value: [OK]]
[DEBUG] New Token Created [Type: Identifier  Value: Antenna]
[DEBUG] New Token Created [Type: Identifier  Value: 3]
[DEBUG] New Token Created [Type: Identifier  Value: [OK]]
[DEBUG] New Token Created [Type: Identifier  Value: Antenna]
[DEBUG] New Token Created [Type: IntValue  Value: 10]
[DEBUG] New Token Created [Type: Identifier  Value: [OK]]
[DEBUG] New Token Created [Type: Identifier  Value: Antenna]
[DEBUG] New Token Created [Type: IntValue  Value: 24]
[DEBUG] New Token Created [Type: Identifier  Value: Hardware]
[DEBUG] New Token Created [Type: Identifier  Value: Avvio]
[DEBUG] New Token Created [Type: Dot  Value: misurazione.]
[DEBUG] New Token Created [Type: Dot  Value: .]
[DEBUG] New Token Created [Type: Identifier  Value: Controllo]
[DEBUG] New Token Created [Type: Dot  Value: hardware.]
[DEBUG] New Token Created [Type: Dot  Value: .]
[DEBUG] New Token Created [Type: Identifier  Value: [OK]]
[DEBUG] New Token Created [Type: Identifier  Value: [OK]]
[DEBUG] New Token Created [Type: Identifier  Value: Antenna]
[DEBUG] New Token Created [Type: Identifier  Value: 3]
[DEBUG] New Token Created [Type: Identifier  Value: [OK]]
[DEBUG] New Token Created [Type: Identifier  Value: Antenna]
[DEBUG] New Token Created [Type: IntValue  Value: 10]
[DEBUG] New Token Created [Type: Identifier  Value: [OK]]
[DEBUG] New Token Created [Type: Identifier  Value: Antenna]
[DEBUG] New Token Created [Type: IntValue  Value: 24]
[DEBUG] New Token Created [Type: Identifier  Value: Hardware]
[DEBUG] New Token Created [Type: Identifier  Value: Avvio]
[DEBUG] New Token Created [Type: Dot  Value: misurazione.]
[DEBUG] New Token Created [Type: Dot  Value: .]
[DEBUG] New Token Created [Type: Identifier  Value: Controllo]
[DEBUG] New Token Created [Type: Dot  Value: hardware.]
[DEBUG] New Token Created [Type: Dot  Value: .]
[DEBUG] New Token Created [Type: Identifier  Value: [OK]]
[DEBUG] New Token Created [Type: Identifier  Value: [OK]]
[DEBUG] New Token Created [Type: Identifier  Value: Antenna]
[DEBUG] New Token Created [Type: Identifier  Value: 3]
[DEBUG] New Token Created [Type: Identifier  Value: [OK]]
[DEBUG] New Token Created [Type: Identifier  Value: Antenna]
[DEBUG] New Token Created [Type: IntValue  Value: 10]
[DEBUG] New Token Created [Type: Identifier  Value: [OK]]
[DEBUG] New Token Created [Type: Identifier  Value: Antenna]
[DEBUG] New Token Created [Type: IntValue  Value: 24]
[DEBUG] New Token Created [Type: Identifier  Value: Hardware]
[DEBUG] New Token Created [Type: Identifier  Value: Avvio]
[DEBUG] New Token Created [Type: Dot  Value: misurazione.]
[DEBUG] New Token Created [Type: Dot  Value: .]
[DEBUG] New Token Created [Type: Identifier  Value: Controllo]
[DEBUG] New Token Created [Type: Dot  Value: hardware.]
[DEBUG] New Token Created [Type: Dot  Value: .]
[DEBUG] New Token Created [Type: Identifier  Value: [OK]]
[DEBUG] New Token Created [Type: Identifier  Value: [OK]]
[DEBUG] New Token Created [Type: Identifier  Value: Antenna]
[DEBUG] New Token Created [Type: Identifier  Value: 3]
[DEBUG] New Token Created [Type: Identifier  Value: [OK]]
[DEBUG] New Token Created [Type: Identifier  Value: Antenna]
[DEBUG] New Token Created [Type: IntValue  Value: 10]
[DEBUG] New Token Created [Type: Identifier  Value: [OK]]
[DEBUG] New Token Created [Type: Identifier  Value: Antenna]
[DEBUG] New Token Created [Type: IntValue  Value: 24]
[DEBUG] New Token Created [Type: Identifier  Value: Hardware]
[DEBUG] New Token Created [Type: Identifier  Value: Avvio]
[DEBUG] New Token Created [Type: Dot  Value: misurazione.]
[DEBUG] New Token Created [Type: Dot  Value: .]
[DEBUG] New Token Created [Type: Identifier  Value: Controllo]
[DEBUG] New Token Created [Type: Dot  Value: hardware.]
[DEBUG] New Token Created [Type: Dot  Value: .]
[DEBUG] New Token Created [Type: Identifier  Value: [OK]]
[DEBUG] New Token Created [Type: Identifier  Value: [OK]]
[DEBUG] New Token Created [Type: Identifier  Value: Antenna]
[DEBUG] New Token Created [Type: Identifier  Value: 3]
[DEBUG] New Token Created [Type: Identifier  Value: [OK]]
[DEBUG] New Token Created [Type: Identifier  Value: Antenna]
[DEBUG] New Token Created [Type: IntValue  Value: 10]
[DEBUG] New Token Created [Type: Identifier  Value: [OK]]
[DEBUG] New Token Created [Type: Identifier  Value: Antenna]
[DEBUG] New Token Created [Type: IntValue  Value: 24]
[DEBUG] New Token Created [Type: Identifier  Value: Hardware]
[DEBUG] New Token Created [Type: Identifier  Value: Avvio]
[DEBUG] New Token Created [Type: Dot  Value: misurazione.]
[DEBUG] New Token Created [Type: Dot  Value: .]
[DEBUG] New Token Created [Type: Identifier  Value: Controllo]
[DEBUG] New Token Created [Type: Dot  Value: hardware.]
[DEBUG] New Token Created [Type: Dot  Value: .]
[DEBUG] New Token Created [Type: Identifier  Value: [OK]]
[DEBUG] New Token Created [Type: Identifier  Value: [OK]]
[DEBUG] New Token Created [Type: Identifier  Value: Antenna]
[DEBUG] New Token Created [Type: Identifier  Value: 3]
[DEBUG] New Token Created [Type: Identifier  Value: [OK]]
[DEBUG] New Token Created [Type: Identifier  Value: Antenna]
[DEBUG] New Token Created [Type: IntValue  Value: 10]
[DEBUG] New Token Created [Type: Identifier  Value: [OK]]
[DEBUG] New Token Created [Type: Identifier  Value: Antenna]
[DEBUG] New Token Created [Type: IntValue  Value: 24]
[DEBUG] New Token Created [Type: Identifier  Value: Hardware]
[DEBUG] New Token Created [Type: Identifier  Value: Avvio]
[DEBUG] New Token Created [Type: Dot  Value: misurazione.]
[DEBUG] New Token Created [Type: Dot  Value: .]
[DEBUG] New Token Created [Type: Identifier  Value: Controllo]
[DEBUG] New Token Created [Type: Dot  Value: hardware.]
[DEBUG] New Token Created [Type: Dot  Value: .]
[DEBUG] New Token Created [Type: Identifier  Value: [OK]]
[DEBUG] New Token Created [Type: Identifier  Value: [OK]]
[DEBUG] New Token Created [Type: Identifier  Value: Antenna]
[DEBUG] New Token Created [Type: Identifier  Value: 3]
[DEBUG] New Token Created [Type: Identifier  Value: [OK]]
[DEBUG] New Token Created [Type: Identifier  Value: Antenna]
[DEBUG] New Token Created [Type: IntValue  Value: 10]
[DEBUG] New Token Created [Type: Identifier  Value: [OK]]
[DEBUG] New Token Created [Type: Identifier  Value: Antenna]
[DEBUG] New Token Created [Type: IntValue  Value: 24]
[DEBUG] New Token Created [Type: Identifier  Value: Hardware]
[DEBUG] New Token Created [Type: Identifier  Value: Avvio]
[DEBUG] New Token Created [Type: Dot  Value: misurazione.]
[DEBUG] New Token Created [Type: Dot  Value: .]
[DEBUG] New Token Created [Type: Identifier  Value: Controllo]
[DEBUG] New Token Created [Type: Dot  Value: hardware.]
[DEBUG] New Token Created [Type: Dot  Value: .]
[DEBUG] New Token Created [Type: Identifier  Value: [OK]]
[DEBUG] New Token Created [Type: Identifier  Value: [OK]]
[DEBUG] New Token Created [Type: Identifier  Value: Antenna]
[DEBUG] New Token Created [Type: Identifier  Value: 3]
[DEBUG] New Token Created [Type: Identifier  Value: [OK]]
[DEBUG] New Token Created [Type: Identifier  Value: Antenna]
[DEBUG] New Token Created [Type: IntValue  Value: 10]
[DEBUG] New Token Created [Type: Identifier  Value: [OK]]
[DEBUG] New Token Created [Type: Identifier  Value: Antenna]
[DEBUG] New Token Created [Type: IntValue  Value: 24]
[DEBUG] New Token Created [Type: Identifier  Value: Hardware]
[DEBUG] New Token Created [Type: Identifier  Value: Avvio]
[DEBUG] New Token Created [Type: Dot  Value: misurazione.]
[DEBUG] New Token Created [Type: Dot  Value: .]
[DEBUG] New Token Created [Type: Identifier  Value: Controllo]
[DEBUG] New Token Created [Type: Dot  Value: hardware.]
[DEBUG] New Token Created [Type: Dot  Value: .]
[DEBUG] New Token Created [Type: Identifier  Value: [OK]]
[DEBUG] New Token Created [Type: Identifier  Value: [OK]]
[DEBUG] New Token Created [Type: Identifier  Value: Antenna]
[DEBUG] New Token Created [Type: Identifier  Value: 3]
[DEBUG] New Token Created [Type: Identifier  Value: [OK]]
[DEBUG] New Token Created [Type: Identifier  Value: Antenna]
[DEBUG] New Token Created [Type: IntValue  Value: 10]
[DEBUG] New Token Created [Type: Identifier  Value: [OK]]
[DEBUG] New Token Created [Type: Identifier  Value: Antenna]
[DEBUG] New Token Created [Type: IntValue  Value: 24]
[DEBUG] New Token Created [Type: Identifier  Value: Hardware]
[DEBUG] New Token Created [Type: Identifier  Value: Avvio]
[DEBUG] New Token Created [Type: Dot  Value: misurazione.]
[DEBUG] New Token Created [Type: Dot  Value: .]
[DEBUG] New Token Created [Type: Identifier  Value: Controllo]
[DEBUG] New Token Created [Type: Dot  Value: hardware.]
[DEBUG] New Token Created [Type: Dot  Value: .]
[DEBUG] New Token Created [Type: Identifier  Value: [OK]]
[DEBUG] New Token Created [Type: Identifier  Value: [OK]]
[DEBUG] New Token Created [Type: Identifier  Value: Antenna]
[DEBUG] New Token Created [Type: Identifier  Value: 3]
[DEBUG] New Token Created [Type: Identifier  Value: [OK]]
[DEBUG] New Token Created [Type: Identifier  Value: Antenna]
[DEBUG] New Token Created [Type: IntValue  Value: 10]
[DEBUG] New Token Created [Type: Identifier  Value: [OK]]
[DEBUG] New Token Created [Type: Identifier  Value: Antenna]
[DEBUG] New Token Created [Type: IntValue  Value: 24]
[DEBUG] New Token Created [Type: Identifier  Value: Hardware]
[DEBUG] New Token Created [Type: Identifier  Value: Avvio]
[DEBUG] New Token Created [Type: Dot  Value: misurazione.]
[DEBUG] New Token Created [Type: Dot  Value: .]
[DEBUG] New Token Created [Type: Identifier  Value: Controllo]
[DEBUG] New Token Created [Type: Dot  Value: hardware.]
[DEBUG] New Token Created [Type: Dot  Value: .]
[DEBUG] New Token Created [Type: Identifier  Value: [OK]]
[DEBUG] New Token Created [Type: Identifier  Value: [OK]]
[DEBUG] New Token Created [Type: Identifier  Value: Antenna]
[DEBUG] New Token Created [Type: Identifier  Value: 3]
[DEBUG] New Token Created [Type: Identifier  Value: [OK]]
[DEBUG] New Token Created [Type: Identifier  Value: Antenna]
[DEBUG] New Token Created [Type: IntValue  Value: 10]
[DEBUG] New Token Created [Type: Identifier  Value: [OK]]
[DEBUG] New Token Created [Type: Identifier  Value: Antenna]
[DEBUG] New Token Created [Type: IntValue  Value: 24]
[DEBUG] New Token Created [Type: Identifier  Value: Hardware]
[DEBUG] New Token Created [Type: Identifier  Value: Avvio]
[DEBUG] New Token Created [Type: Dot  Value: misurazione.]
[DEBUG] New Token Created [Type: Dot  Value: .]
[DEBUG] New Token Created [Type: Identifier  Value: Controllo]
[DEBUG] New Token Created [Type: Dot  Value: hardware.]
[DEBUG] New Token Created [Type: Dot  Value: .]
[DEBUG] New Token Created [Type: Identifier  Value: [OK]]
[DEBUG] New Token Created [Type: Identifier  Value: [OK]]
[DEBUG] New Token Created [Type: Identifier  Value: Antenna]
[DEBUG] New Token Created [Type: Identifier  Value: 3]
[DEBUG] New Token Created [Type: Identifier  Value: [OK]]
[DEBUG] New Token Created [Type: Identifier  Value: Antenna]
[DEBUG] New Token Created [Type: IntValue  Value: 10]
[DEBUG] New Token Created [Type: Identifier  Value: [OK]]
[DEBUG] New Token Created [Type: Identifier  Value: Antenna]
[DEBUG] New Token Created [Type: IntValue  Value: 24]
[DEBUG] New Token Created [Type: Identifier  Value: Hardware]
[DEBUG] New Token Created [Type: Identifier  Value: Avvio]
[DEBUG] New Token Created [Type: Dot  Value: misurazione.]
[DEBUG] New Token Created [Type: Dot  Value: .]
[DEBUG] New Token Created [Type: Identifier  Value: Controllo]
[DEBUG] New Token Created [Type: Dot  Value: hardware.]
[DEBUG] New Token Created [Type: Dot  Value: .]
[DEBUG] New Token Created [Type: Identifier  Value: [OK]]
[DEBUG] New Token Created [Type: Identifier  Value: [OK]]
[DEBUG] New Token Created [Type: Identifier  Value: Antenna]
[DEBUG] New Token Created [Type: Identifier  Value: 3]
[DEBUG] New Token Created [Type: Identifier  Value: [OK]]
[DEBUG] New Token Created [Type: Identifier  Value: Antenna]
[DEBUG] New Token Created [Type: IntValue  Value: 10]
[DEBUG] New Token Created [Type: Identifier  Value: [OK]]
[DEBUG] New Token Created [Type: Identifier  Value: Antenna]
[DEBUG] New Token Created [Type: IntValue  Value: 24]
[DEBUG] New Token Created [Type: Identifier  Value: Hardware]
[DEBUG] New Token Created [Type: Identifier  Value: Avvio]
[DEBUG] New Token Created [Type: Dot  Value: misurazione.]
[DEBUG] New Token Created [Type: Dot  Value: .]
[DEBUG] New Token Created [Type: Identifier  Value: Controllo]
[DEBUG] New Token Created [Type: Dot  Value: hardware.]
[DEBUG] New Token Created [Type: Dot  Value: .]
[DEBUG] New Token Created [Type: Identifier  Value: [OK]]
[DEBUG] New Token Created [Type: Identifier  Value: [OK]]
[DEBUG] New Token Created [Type: Identifier  Value: Antenna]
[DEBUG] New Token Created [Type: Identifier  Value: 3]
[DEBUG] New Token Created [Type: Identifier  Value: [OK]]
[DEBUG] New Token Created [Type: Identifier  Value: Antenna]
[DEBUG] New Token Created [Type: IntValue  Value: 10]
[DEBUG] New Token Created [Type: Identifier  Value: [OK]]
[DEBUG] New Token Created [Type: Identifier  Value: Antenna]
[DEBUG] New Token Created [Type: IntValue  Value: 24]
[DEBUG] New Token Created [Type: Identifier  Value: Hardware]
[DEBUG] New Token Created [Type: Identifier  Value: Avvio]
[DEBUG] New Token Created [Type: Dot  Value: misurazione.]
[DEBUG] New Token Created [Type: Dot  Value: .]
[DEBUG] New Token Created [Type: Identifier  Value: Controllo]
[DEBUG] New Token Created [Type: Dot  Value: hardware.]
[DEBUG] New Token Created [Type: Dot  Value: .]
[DEBUG] New Token Created [Type: Identifier  Value: [OK]]
[DEBUG] New Token Created [Type: Identifier  Value: [OK]]
[DEBUG] New Token Created [Type: Identifier  Value: Antenna]
[DEBUG] New Token Created [Type: Identifier  Value: 3]
[DEBUG] New Token Created [Type: Identifier  Value: [OK]]
[DEBUG] New Token Created [Type: Identifier  Value: Antenna]
[DEBUG] New Token Created [Type: IntValue  Value: 10]
[DEBUG] New Token Created [Type: Identifier  Value: [OK]]
[DEBUG] New Token Created [Type: Identifier  Value: Antenna]
[DEBUG] New Token Created [Type: IntValue  Value: 24]
[DEBUG] New Token Created [Type: Identifier  Value: Hardware]
[DEBUG] New Token Created [Type: Identifier  Value: Avvio]
[DEBUG] New Token Created [Type: Dot  Value: misurazione.]
[DEBUG] New Token Created [Type: Dot  Value: .]
[DEBUG] New Token Created [Type: Identifier  Value: Controllo]
[DEBUG] New Token Created [Type: Dot  Value: hardware.]
[DEBUG] New Token Created [Type: Dot  Value: .]
[DEBUG] New Token Created [Type: Identifier  Value: [OK]]
[DEBUG] New Token Created [Type: Identifier  Value: [OK]]
[DEBUG] New Token Created [Type: Identifier  Value: Antenna]
[DEBUG] New Token Created [Type: Identifier  Value: 3]
[DEBUG] New Token Created [Type: Identifier  Value: [OK]]
[DEBUG] New Token Created [Type: Identifier  Value: Antenna]
[DEBUG] New Token Created [Type: IntValue  Value: 10]
[DEBUG] New Token Created [Type: Identifier  Value: [OK]]
[DEBUG] New Token Created [Type: Identifier  Value: Antenna]
[DEBUG] New Token Created [Type: IntValue  Value: 24]
[DEBUG] New Token Created [Type: Identifier  Value: Hardware]
[DEBUG] New Token Created [Type: Identifier  Value: Avvio]
[DEBUG] New Token Created [Type: Dot  Value: misurazione.]
[DEBUG] New Token Created [Type: Dot  Value: .][Error]: System.OperationCanceledException: The operation was canceled.
   at System.IO.Ports.SerialStream.EndRead(IAsyncResult asyncResult)
   at System.IO.Ports.SerialStream.Read(Byte[] array, Int32 offset, Int32 count, Int32 timeout)
   at System.IO.Ports.SerialPort.ReadTo(String value)
   at DataReader.ReadData.StartReading(String port)
